// Jest Snapshot v1, https://goo.gl/fbAQLP

exports[`<MenuItem /> should render 1`] = `
<NavLink
  activeClassName="menu-item_active"
  aria-current="page"
  className="menu-item"
  to="/route"
>
  <span>
    Title
  </span>
</NavLink>
`;
